
Allocating common symbols
Common symbol       size              file

user_pool           0x10              build/memory.o
intr_name           0x84              build/interrupt.o
kernel_vaddr        0xc               build/memory.o
idt_table           0x84              build/interrupt.o
kernel_pool         0x10              build/memory.o

Discarded input sections

 .note.GNU-stack
                0x0000000000000000        0x0 build/main.o
 .note.GNU-stack
                0x0000000000000000        0x0 build/init.o
 .note.GNU-stack
                0x0000000000000000        0x0 build/interrupt.o
 .note.GNU-stack
                0x0000000000000000        0x0 build/timer.o
 .note.GNU-stack
                0x0000000000000000        0x0 build/debug.o
 .note.GNU-stack
                0x0000000000000000        0x0 build/string.o
 .note.GNU-stack
                0x0000000000000000        0x0 build/bitmap.o
 .note.GNU-stack
                0x0000000000000000        0x0 build/memory.o

Memory Configuration

Name             Origin             Length             Attributes
*default*        0x0000000000000000 0xffffffffffffffff

Linker script and memory map

Address of section .text set to 0xc0001500
LOAD build/main.o
LOAD build/init.o
LOAD build/interrupt.o
LOAD build/timer.o
LOAD build/kernel.o
LOAD build/print.o
LOAD build/debug.o
LOAD build/string.o
LOAD build/bitmap.o
LOAD build/memory.o
                0x0000000008048000                PROVIDE (__executable_start, 0x8048000)
                0x0000000008048094                . = (0x8048000 + SIZEOF_HEADERS)

.interp
 *(.interp)

.note.gnu.build-id
 *(.note.gnu.build-id)

.hash
 *(.hash)

.gnu.hash
 *(.gnu.hash)

.dynsym
 *(.dynsym)

.dynstr
 *(.dynstr)

.gnu.version
 *(.gnu.version)

.gnu.version_d
 *(.gnu.version_d)

.gnu.version_r
 *(.gnu.version_r)

.rel.dyn        0x0000000008048094        0x0
 *(.rel.init)
 *(.rel.text .rel.text.* .rel.gnu.linkonce.t.*)
 .rel.text      0x0000000000000000        0x0 build/main.o
 *(.rel.fini)
 *(.rel.rodata .rel.rodata.* .rel.gnu.linkonce.r.*)
 *(.rel.data.rel.ro .rel.data.rel.ro.* .rel.gnu.linkonce.d.rel.ro.*)
 *(.rel.data .rel.data.* .rel.gnu.linkonce.d.*)
 *(.rel.tdata .rel.tdata.* .rel.gnu.linkonce.td.*)
 *(.rel.tbss .rel.tbss.* .rel.gnu.linkonce.tb.*)
 *(.rel.ctors)
 *(.rel.dtors)
 *(.rel.got)
 *(.rel.bss .rel.bss.* .rel.gnu.linkonce.b.*)
 *(.rel.ifunc)

.rel.plt        0x0000000008048094        0x0
 *(.rel.plt)
                0x0000000008048094                PROVIDE (__rel_iplt_start, .)
 *(.rel.iplt)
 .rel.iplt      0x0000000000000000        0x0 build/main.o
                0x0000000008048094                PROVIDE (__rel_iplt_end, .)

.init
 *(SORT(.init))

.plt            0x00000000080480a0        0x0
 *(.plt)
 *(.iplt)
 .iplt          0x0000000000000000        0x0 build/main.o

.text           0x00000000c0001500     0x1279
 *(.text.unlikely .text.*_unlikely .text.unlikely.*)
 *(.text.exit .text.exit.*)
 *(.text.startup .text.startup.*)
 *(.text.hot .text.hot.*)
 *(.text .stub .text.* .gnu.linkonce.t.*)
 .text          0x00000000c0001500       0xd0 build/main.o
                0x00000000c0001500                main
 .text          0x00000000c00015d0       0x23 build/init.o
                0x00000000c00015d0                init_all
 .text          0x00000000c00015f3      0x3a1 build/interrupt.o
                0x00000000c00018b5                idt_init
                0x00000000c0001900                intr_enable
                0x00000000c0001929                intr_disable
                0x00000000c0001952                intr_set_status
                0x00000000c0001970                intr_get_status
 .text          0x00000000c0001994       0xfd build/timer.o
                0x00000000c0001a45                timer_init
 *fill*         0x00000000c0001a91        0xf 
 .text          0x00000000c0001aa0      0x39e build/kernel.o
                0x00000000c0001aa0                intr_exit
 *fill*         0x00000000c0001e3e        0x2 
 .text          0x00000000c0001e40        0x0 build/print.o
 .text          0x00000000c0001e40       0xa5 build/debug.o
                0x00000000c0001e40                panic_spin
 .text          0x00000000c0001ee5      0x449 build/string.o
                0x00000000c0001ee5                memset
                0x00000000c0001f41                memcpy
                0x00000000c0001fad                memcmp
                0x00000000c000203d                strcpy
                0x00000000c000209f                strlen
                0x00000000c00020f5                strcmp
                0x00000000c000217c                strchr
                0x00000000c00021e1                strrchr
                0x00000000c000224a                strcat
                0x00000000c00022c1                strchrs
 .text          0x00000000c000232e      0x26c build/bitmap.o
                0x00000000c000232e                bitmap_init
                0x00000000c0002355                bitmap_scan_test
                0x00000000c000239a                bitmap_scan
                0x00000000c00024e1                bitmap_set
 .text          0x00000000c000259a      0x1df build/memory.o
                0x00000000c0002744                mem_init
 *(.gnu.warning)

.fini
 *(SORT(.fini))
                0x00000000c0002779                PROVIDE (__etext, .)
                0x00000000c0002779                PROVIDE (_etext, .)
                0x00000000c0002779                PROVIDE (etext, .)

.rodata         0x00000000c000277c      0x4b7
 *(.rodata .rodata.* .gnu.linkonce.r.*)
 .rodata        0x00000000c000277c       0x22 build/main.o
 .rodata        0x00000000c000279e        0xa build/init.o
 .rodata        0x00000000c00027a8      0x268 build/interrupt.o
 .rodata        0x00000000c0002a10       0x23 build/timer.o
 .rodata        0x00000000c0002a33       0x39 build/debug.o
 .rodata        0x00000000c0002a6c       0xb9 build/string.o
 *fill*         0x00000000c0002b25        0x3 
 .rodata        0x00000000c0002b28       0x5d build/bitmap.o
 .rodata        0x00000000c0002b85       0xae build/memory.o

.rodata1
 *(.rodata1)

.eh_frame_hdr
 *(.eh_frame_hdr)

.eh_frame       0x00000000c0002c34      0x448
 *(.eh_frame)
 .eh_frame      0x00000000c0002c34       0x34 build/main.o
 .eh_frame      0x00000000c0002c68       0x20 build/init.o
                                         0x38 (size before relaxing)
 .eh_frame      0x00000000c0002c88      0x160 build/interrupt.o
                                        0x178 (size before relaxing)
 .eh_frame      0x00000000c0002de8       0x6c build/timer.o
                                         0x84 (size before relaxing)
 .eh_frame      0x00000000c0002e54       0x1c build/debug.o
                                         0x34 (size before relaxing)
 .eh_frame      0x00000000c0002e70      0x140 build/string.o
                                        0x158 (size before relaxing)
 .eh_frame      0x00000000c0002fb0       0x8c build/bitmap.o
                                         0xa4 (size before relaxing)
 .eh_frame      0x00000000c000303c       0x40 build/memory.o
                                         0x58 (size before relaxing)

.gcc_except_table
 *(.gcc_except_table .gcc_except_table.*)

.exception_ranges
 *(.exception_ranges .exception_ranges*)
                0x00000000c000307c                . = (ALIGN (0x1000) - ((0x1000 - .) & 0xfff))
                0x00000000c000407c                . = DATA_SEGMENT_ALIGN (0x1000, 0x1000)

.eh_frame
 *(.eh_frame)

.gcc_except_table
 *(.gcc_except_table .gcc_except_table.*)

.exception_ranges
 *(.exception_ranges .exception_ranges*)

.tdata
 *(.tdata .tdata.* .gnu.linkonce.td.*)

.tbss
 *(.tbss .tbss.* .gnu.linkonce.tb.*)
 *(.tcommon)

.preinit_array  0x00000000c000407c        0x0
                0x00000000c000407c                PROVIDE (__preinit_array_start, .)
 *(.preinit_array)
                0x00000000c000407c                PROVIDE (__preinit_array_end, .)

.init_array     0x00000000c000407c        0x0
                0x00000000c000407c                PROVIDE (__init_array_start, .)
 *(SORT(.init_array.*) SORT(.ctors.*))
 *(.init_array EXCLUDE_FILE(*crtend?.o *crtend.o *crtbegin?.o *crtbegin.o) .ctors)
                0x00000000c000407c                PROVIDE (__init_array_end, .)

.fini_array     0x00000000c000407c        0x0
                0x00000000c000407c                PROVIDE (__fini_array_start, .)
 *(SORT(.fini_array.*) SORT(.dtors.*))
 *(.fini_array EXCLUDE_FILE(*crtend?.o *crtend.o *crtbegin?.o *crtbegin.o) .dtors)
                0x00000000c000407c                PROVIDE (__fini_array_end, .)

.ctors
 *crtbegin.o(.ctors)
 *crtbegin?.o(.ctors)
 *(EXCLUDE_FILE(*crtend?.o *crtend.o) .ctors)
 *(SORT(.ctors.*))
 *(.ctors)

.dtors
 *crtbegin.o(.dtors)
 *crtbegin?.o(.dtors)
 *(EXCLUDE_FILE(*crtend?.o *crtend.o) .dtors)
 *(SORT(.dtors.*))
 *(.dtors)

.jcr
 *(.jcr)

.data.rel.ro
 *(.data.rel.ro.local* .gnu.linkonce.d.rel.ro.local.*)
 *(.data.rel.ro .data.rel.ro.* .gnu.linkonce.d.rel.ro.*)

.dynamic
 *(.dynamic)

.got
 *(.got)
 *(.igot)
                0x00000000c000407c                . = DATA_SEGMENT_RELRO_END (., (SIZEOF (.got.plt) >= 0xc)?0xc:0x0)

.got.plt        0x00000000c000407c        0x0
 *(.got.plt)
 *(.igot.plt)
 .igot.plt      0x0000000000000000        0x0 build/main.o

.data           0x00000000c000407c      0x1ee
 *(.data .data.* .gnu.linkonce.d.*)
 .data          0x00000000c000407c        0x0 build/main.o
 .data          0x00000000c000407c        0x0 build/init.o
 .data          0x00000000c000407c        0x0 build/interrupt.o
 .data          0x00000000c000407c        0x0 build/timer.o
 .data          0x00000000c000407c       0x95 build/kernel.o
                0x00000000c000408d                intr_entry_table
 *fill*         0x00000000c0004111        0x3 
 .data          0x00000000c0004114      0x156 build/print.o
                0x00000000c000411c                put_char
                0x00000000c00041e9                put_str
                0x00000000c0004207                put_int
 .data          0x00000000c000426a        0x0 build/debug.o
 .data          0x00000000c000426a        0x0 build/string.o
 .data          0x00000000c000426a        0x0 build/bitmap.o
 .data          0x00000000c000426a        0x0 build/memory.o

.data1
 *(.data1)
                0x00000000c000426a                _edata = .
                0x00000000c000426a                PROVIDE (edata, .)
                0x00000000c000426a                . = .
                0x00000000c000426a                __bss_start = .

.bss            0x00000000c0004280      0x270
 *(.dynbss)
 *(.bss .bss.* .gnu.linkonce.b.*)
 .bss           0x00000000c0004280        0x0 build/main.o
 .bss           0x00000000c0004280        0x0 build/init.o
 .bss           0x00000000c0004280      0x108 build/interrupt.o
 .bss           0x00000000c0004388        0x0 build/timer.o
 .bss           0x00000000c0004388        0x0 build/debug.o
 .bss           0x00000000c0004388        0x0 build/string.o
 .bss           0x00000000c0004388        0x0 build/bitmap.o
 .bss           0x00000000c0004388        0x0 build/memory.o
 *(COMMON)
 *fill*         0x00000000c0004388       0x18 
 COMMON         0x00000000c00043a0      0x124 build/interrupt.o
                0x00000000c00043a0                intr_name
                0x00000000c0004440                idt_table
 COMMON         0x00000000c00044c4       0x2c build/memory.o
                0x00000000c00044c4                user_pool
                0x00000000c00044d4                kernel_vaddr
                0x00000000c00044e0                kernel_pool
                0x00000000c00044f0                . = ALIGN ((. != 0x0)?0x4:0x1)
                0x00000000c00044f0                . = ALIGN (0x4)
                0x00000000c00044f0                . = SEGMENT_START ("ldata-segment", .)
                0x00000000c00044f0                . = ALIGN (0x4)
                0x00000000c00044f0                _end = .
                0x00000000c00044f0                PROVIDE (end, .)
                0x00000000c00044f0                . = DATA_SEGMENT_END (.)

.stab
 *(.stab)

.stabstr
 *(.stabstr)

.stab.excl
 *(.stab.excl)

.stab.exclstr
 *(.stab.exclstr)

.stab.index
 *(.stab.index)

.stab.indexstr
 *(.stab.indexstr)

.comment        0x0000000000000000       0x2b
 *(.comment)
 .comment       0x0000000000000000       0x2b build/main.o
                                         0x2c (size before relaxing)
 .comment       0x0000000000000000       0x2c build/init.o
 .comment       0x0000000000000000       0x2c build/interrupt.o
 .comment       0x0000000000000000       0x2c build/timer.o
 .comment       0x0000000000000000       0x2c build/debug.o
 .comment       0x0000000000000000       0x2c build/string.o
 .comment       0x0000000000000000       0x2c build/bitmap.o
 .comment       0x0000000000000000       0x2c build/memory.o

.debug
 *(.debug)

.line
 *(.line)

.debug_srcinfo
 *(.debug_srcinfo)

.debug_sfnames
 *(.debug_sfnames)

.debug_aranges
 *(.debug_aranges)

.debug_pubnames
 *(.debug_pubnames)

.debug_info
 *(.debug_info .gnu.linkonce.wi.*)

.debug_abbrev
 *(.debug_abbrev)

.debug_line
 *(.debug_line .debug_line.* .debug_line_end)

.debug_frame
 *(.debug_frame)

.debug_str
 *(.debug_str)

.debug_loc
 *(.debug_loc)

.debug_macinfo
 *(.debug_macinfo)

.debug_weaknames
 *(.debug_weaknames)

.debug_funcnames
 *(.debug_funcnames)

.debug_typenames
 *(.debug_typenames)

.debug_varnames
 *(.debug_varnames)

.debug_pubtypes
 *(.debug_pubtypes)

.debug_ranges
 *(.debug_ranges)

.debug_macro
 *(.debug_macro)

.gnu.attributes
 *(.gnu.attributes)

/DISCARD/
 *(.note.GNU-stack)
 *(.gnu_debuglink)
 *(.gnu.lto_*)
OUTPUT(build/kernel.bin elf32-i386)
